
User@NOTEBOOK MINGW64 ~/Desktop/BECKUP - PALMEIRAS/CAIXAVERSO - ADA/AULAS PRESENCIAIS/4 - TECNICAS DE PROGRAMAÇÃO I (PY) - DE 12-05-2026 A 26-05-2026/2026 05 12
$ git clone https://github.com/CESARPORCIONATO/ada-projeto1.git
Cloning into 'ada-projeto1'...
remote: Enumerating objects: 8, done.
remote: Counting objects: 100% (8/8), done.
remote: Compressing objects: 100% (7/7), done.
remote: Total 8 (delta 1), reused 0 (delta 0), pack-reused 0 (from 0)
Receiving objects: 100% (8/8), 5.13 KiB | 2.57 MiB/s, done.
Resolving deltas: 100% (1/1), done.

User@NOTEBOOK MINGW64 ~/Desktop/BECKUP - PALMEIRAS/CAIXAVERSO - ADA/AULAS PRESENCIAIS/4 - TECNICAS DE PROGRAMAÇÃO I (PY) - DE 12-05-2026 A 26-05-2026/2026 05 12
$ cd ada-projeto1/

User@NOTEBOOK MINGW64 ~/Desktop/BECKUP - PALMEIRAS/CAIXAVERSO - ADA/AULAS PRESENCIAIS/4 - TECNICAS DE PROGRAMAÇÃO I (PY) - DE 12-05-2026 A 26-05-2026/2026 05 12/ada-projeto1 (main)
$ ls
LICENSE  README.md

User@NOTEBOOK MINGW64 ~/Desktop/BECKUP - PALMEIRAS/CAIXAVERSO - ADA/AULAS PRESENCIAIS/4 - TECNICAS DE PROGRAMAÇÃO I (PY) - DE 12-05-2026 A 26-05-2026/2026 05 12/ada-projeto1 (main)
$ git status
On branch main
Your branch is up to date with 'origin/main'.

Changes not staged for commit:
  (use "git add <file>..." to update what will be committed)
  (use "git restore <file>..." to discard changes in working directory)
        modified:   README.md

no changes added to commit (use "git add" and/or "git commit -a")

User@NOTEBOOK MINGW64 ~/Desktop/BECKUP - PALMEIRAS/CAIXAVERSO - ADA/AULAS PRESENCIAIS/4 - TECNICAS DE PROGRAMAÇÃO I (PY) - DE 12-05-2026 A 26-05-2026/2026 05 12/ada-projeto1 (main)
$ git add REAME.md
fatal: pathspec 'REAME.md' did not match any files

User@NOTEBOOK MINGW64 ~/Desktop/BECKUP - PALMEIRAS/CAIXAVERSO - ADA/AULAS PRESENCIAIS/4 - TECNICAS DE PROGRAMAÇÃO I (PY) - DE 12-05-2026 A 26-05-2026/2026 05 12/ada-projeto1 (main)
$ git add README.md

User@NOTEBOOK MINGW64 ~/Desktop/BECKUP - PALMEIRAS/CAIXAVERSO - ADA/AULAS PRESENCIAIS/4 - TECNICAS DE PROGRAMAÇÃO I (PY) - DE 12-05-2026 A 26-05-2026/2026 05 12/ada-projeto1 (main)
$ git status
On branch main
Your branch is up to date with 'origin/main'.

Changes to be committed:
  (use "git restore --staged <file>..." to unstage)
        modified:   README.md


User@NOTEBOOK MINGW64 ~/Desktop/BECKUP - PALMEIRAS/CAIXAVERSO - ADA/AULAS PRESENCIAIS/4 - TECNICAS DE PROGRAMAÇÃO I (PY) - DE 12-05-2026 A 26-05-2026/2026 05 12/ada-projeto1 (main)
$ git commit -m "Adicionei uma linha de teste no arquivo README.md"
Author identity unknown

*** Please tell me who you are.

Run

  git config --global user.email "you@example.com"
  git config --global user.name "Your Name"

to set your account's default identity.
Omit --global to set the identity only in this repository.

fatal: unable to auto-detect email address (got 'User@NOTEBOOK.(none)')

User@NOTEBOOK MINGW64 ~/Desktop/BECKUP - PALMEIRAS/CAIXAVERSO - ADA/AULAS PRESENCIAIS/4 - TECNICAS DE PROGRAMAÇÃO I (PY) - DE 12-05-2026 A 26-05-2026/2026 05 12/ada-projeto1 (main)
$ git config user.email "cesarporcionato@yahoo.com.br"

User@NOTEBOOK MINGW64 ~/Desktop/BECKUP - PALMEIRAS/CAIXAVERSO - ADA/AULAS PRESENCIAIS/4 - TECNICAS DE PROGRAMAÇÃO I (PY) - DE 12-05-2026 A 26-05-2026/2026 05 12/ada-projeto1 (main)
$ git config user.name "CESARPORCIONATO"

User@NOTEBOOK MINGW64 ~/Desktop/BECKUP - PALMEIRAS/CAIXAVERSO - ADA/AULAS PRESENCIAIS/4 - TECNICAS DE PROGRAMAÇÃO I (PY) - DE 12-05-2026 A 26-05-2026/2026 05 12/ada-projeto1 (main)
$ git commit -m "Adicionei uma linha de teste no arquivo README.md"
[main 2f25369] Adicionei uma linha de teste no arquivo README.md
 1 file changed, 3 insertions(+)

User@NOTEBOOK MINGW64 ~/Desktop/BECKUP - PALMEIRAS/CAIXAVERSO - ADA/AULAS PRESENCIAIS/4 - TECNICAS DE PROGRAMAÇÃO I (PY) - DE 12-05-2026 A 26-05-2026/2026 05 12/ada-projeto1 (main)
$ git push
info: please complete authentication in your browser...
Enumerating objects: 5, done.
Counting objects: 100% (5/5), done.
Delta compression using up to 8 threads
Compressing objects: 100% (3/3), done.
Writing objects: 100% (3/3), 369 bytes | 123.00 KiB/s, done.
Total 3 (delta 2), reused 0 (delta 0), pack-reused 0 (from 0)
remote: Resolving deltas: 100% (2/2), completed with 2 local objects.
To https://github.com/CESARPORCIONATO/ada-projeto1.git
   834e75d..2f25369  main -> main

User@NOTEBOOK MINGW64 ~/Desktop/BECKUP - PALMEIRAS/CAIXAVERSO - ADA/AULAS PRESENCIAIS/4 - TECNICAS DE PROGRAMAÇÃO I (PY) - DE 12-05-2026 A 26-05-2026/2026 05 12/ada-projeto1 (main)
$ ls
LICENSE  README.md  exercicios_aula_01.ipynb

User@NOTEBOOK MINGW64 ~/Desktop/BECKUP - PALMEIRAS/CAIXAVERSO - ADA/AULAS PRESENCIAIS/4 - TECNICAS DE PROGRAMAÇÃO I (PY) - DE 12-05-2026 A 26-05-2026/2026 05 12/ada-projeto1 (main)
$ git status
On branch main
Your branch is up to date with 'origin/main'.

Untracked files:
  (use "git add <file>..." to include in what will be committed)
        exercicios_aula_01.ipynb

nothing added to commit but untracked files present (use "git add" to track)

User@NOTEBOOK MINGW64 ~/Desktop/BECKUP - PALMEIRAS/CAIXAVERSO - ADA/AULAS PRESENCIAIS/4 - TECNICAS DE PROGRAMAÇÃO I (PY) - DE 12-05-2026 A 26-05-2026/2026 05 12/ada-projeto1 (main)
$ git add exercicios_aula_01.ipynb
warning: in the working copy of 'exercicios_aula_01.ipynb', LF will be replaced
by CRLF the next time Git touches it

User@NOTEBOOK MINGW64 ~/Desktop/BECKUP - PALMEIRAS/CAIXAVERSO - ADA/AULAS PRESENCIAIS/4 - TECNICAS DE PROGRAMAÇÃO I (PY) - DE 12-05-2026 A 26-05-2026/2026 05 12/ada-projeto1 (main)
$ git commit -m "Adicionar arquivo de exercícios ao projeto"
[main 69572f4] Adicionar arquivo de exercícios ao projeto
 1 file changed, 850 insertions(+)
 create mode 100644 exercicios_aula_01.ipynb

User@NOTEBOOK MINGW64 ~/Desktop/BECKUP - PALMEIRAS/CAIXAVERSO - ADA/AULAS PRESENCIAIS/4 - TECNICAS DE PROGRAMAÇÃO I (PY) - DE 12-05-2026 A 26-05-2026/2026 05 12/ada-projeto1 (main)
$ git status
On branch main
Your branch is ahead of 'origin/main' by 1 commit.
  (use "git push" to publish your local commits)

nothing to commit, working tree clean

User@NOTEBOOK MINGW64 ~/Desktop/BECKUP - PALMEIRAS/CAIXAVERSO - ADA/AULAS PRESENCIAIS/4 - TECNICAS DE PROGRAMAÇÃO I (PY) - DE 12-05-2026 A 26-05-2026/2026 05 12/ada-projeto1 (main)
$ git push
Enumerating objects: 4, done.
Counting objects: 100% (4/4), done.
Delta compression using up to 8 threads
Compressing objects: 100% (3/3), done.
Writing objects: 100% (3/3), 5.27 KiB | 5.27 MiB/s, done.
Total 3 (delta 1), reused 0 (delta 0), pack-reused 0 (from 0)
remote: Resolving deltas: 100% (1/1), completed with 1 local object.
To https://github.com/CESARPORCIONATO/ada-projeto1.git
   2f25369..69572f4  main -> main

User@NOTEBOOK MINGW64 ~/Desktop/BECKUP - PALMEIRAS/CAIXAVERSO - ADA/AULAS PRESENCIAIS/4 - TECNICAS DE PROGRAMAÇÃO I (PY) - DE 12-05-2026 A 26-05-2026/2026 05 12/ada-projeto1 (main)
$ git status
On branch main
Your branch is up to date with 'origin/main'.

nothing to commit, working tree clean

User@NOTEBOOK MINGW64 ~/Desktop/BECKUP - PALMEIRAS/CAIXAVERSO - ADA/AULAS PRESENCIAIS/4 - TECNICAS DE PROGRAMAÇÃO I (PY) - DE 12-05-2026 A 26-05-2026/2026 05 12/ada-projeto1 (main)
$ git status
On branch main
Your branch is up to date with 'origin/main'.

Changes not staged for commit:
  (use "git add <file>..." to update what will be committed)
  (use "git restore <file>..." to discard changes in working directory)
        modified:   exercicios_aula_01.ipynb

no changes added to commit (use "git add" and/or "git commit -a")

User@NOTEBOOK MINGW64 ~/Desktop/BECKUP - PALMEIRAS/CAIXAVERSO - ADA/AULAS PRESENCIAIS/4 - TECNICAS DE PROGRAMAÇÃO I (PY) - DE 12-05-2026 A 26-05-2026/2026 05 12/ada-projeto1 (main)
$ git add exercicios_aula_01.ipynb
warning: in the working copy of 'exercicios_aula_01.ipynb', LF will be replaced
by CRLF the next time Git touches it

User@NOTEBOOK MINGW64 ~/Desktop/BECKUP - PALMEIRAS/CAIXAVERSO - ADA/AULAS PRESENCIAIS/4 - TECNICAS DE PROGRAMAÇÃO I (PY) - DE 12-05-2026 A 26-05-2026/2026 05 12/ada-projeto1 (main)
$ git status
On branch main
Your branch is up to date with 'origin/main'.

Changes to be committed:
  (use "git restore --staged <file>..." to unstage)
        modified:   exercicios_aula_01.ipynb


User@NOTEBOOK MINGW64 ~/Desktop/BECKUP - PALMEIRAS/CAIXAVERSO - ADA/AULAS PRESENCIAIS/4 - TECNICAS DE PROGRAMAÇÃO I (PY) - DE 12-05-2026 A 26-05-2026/2026 05 12/ada-projeto1 (main)
$ git push
Everything up-to-date

User@NOTEBOOK MINGW64 ~/Desktop/BECKUP - PALMEIRAS/CAIXAVERSO - ADA/AULAS PRESENCIAIS/4 - TECNICAS DE PROGRAMAÇÃO I (PY) - DE 12-05-2026 A 26-05-2026/2026 05 12/ada-projeto1 (main)
$ ^C

User@NOTEBOOK MINGW64 ~/Desktop/BECKUP - PALMEIRAS/CAIXAVERSO - ADA/AULAS PRESENCIAIS/4 - TECNICAS DE PROGRAMAÇÃO I (PY) - DE 12-05-2026 A 26-05-2026/2026 05 12/ada-projeto1 (main)
$ git commit -m "Desafio Atualizado"
[main 135aa5d] Desafio Atualizado
 1 file changed, 95 insertions(+), 198 deletions(-)

User@NOTEBOOK MINGW64 ~/Desktop/BECKUP - PALMEIRAS/CAIXAVERSO - ADA/AULAS PRESENCIAIS/4 - TECNICAS DE PROGRAMAÇÃO I (PY) - DE 12-05-2026 A 26-05-2026/2026 05 12/ada-projeto1 (main)
$ git push
Enumerating objects: 5, done.
Counting objects: 100% (5/5), done.
Delta compression using up to 8 threads
Compressing objects: 100% (3/3), done.
Writing objects: 100% (3/3), 790 bytes | 790.00 KiB/s, done.
Total 3 (delta 2), reused 0 (delta 0), pack-reused 0 (from 0)
remote: Resolving deltas: 100% (2/2), completed with 2 local objects.
To https://github.com/CESARPORCIONATO/ada-projeto1.git
   69572f4..135aa5d  main -> main

User@NOTEBOOK MINGW64 ~/Desktop/BECKUP - PALMEIRAS/CAIXAVERSO - ADA/AULAS PRESENCIAIS/4 - TECNICAS DE PROGRAMAÇÃO I (PY) - DE 12-05-2026 A 26-05-2026/2026 05 12/ada-projeto1 (main)
$
